// Jest Snapshot v1, https://goo.gl/fbAQLP

exports[`NotificationsLink: when the user is authenticated and they are inExperiment, they should see the link 1`] = `
<Fragment>
  <a />
  <span
    className="NotificationsLink__bellDivider"
  />
</Fragment>
`;

exports[`NotificationsLink: when the user is authenticated and they are not inExperiment, they should not see the link 1`] = `""`;

exports[`NotificationsLink: when the user is not authenticated and they are inExperiment, they should not see the link 1`] = `""`;

exports[`NotificationsLink: when the user is not authenticated and they are not inExperiment, they should not see the link 1`] = `""`;
