// Jest Snapshot v1, https://goo.gl/fbAQLP

exports[`BulletPointList renders with standard text 1`] = `
<ul
  className="root"
>
  <BulletPoint
    key=".0"
  >
    <Text>
      Foo
    </Text>
  </BulletPoint>
  <BulletPoint
    key=".1"
  >
    <Text>
      Bar
    </Text>
  </BulletPoint>
</ul>
`;
