// Jest Snapshot v1, https://goo.gl/fbAQLP

exports[`should render AccordionItem 1`] = `
<div
  className=""
>
  <input
    checked={false}
    className="AccordionItem__toggle"
    id="abc123"
    type="checkbox"
  />
  <label
    className="AccordionItem__toggleLink AccordionItem__toggleLabel"
    htmlFor="abc123"
    onClick={[Function]}
  >
    <div>
      <span>
        Hello world
      </span>
    </div>
    <ChevronIcon
      className="AccordionItem__chevron"
      direction="down"
      svgClassName="AccordionItem__chevronSvg"
    />
  </label>
  <div
    className="AccordionItem__toggleContainer"
  >
    Hello world
  </div>
</div>
`;
