// Jest Snapshot v1, https://goo.gl/fbAQLP

exports[`NavigationBar should render with defaults 1`] = `
<header
  aria-label="Primary navigation"
  className="root"
  role="banner"
>
  <section>
    <div
      className="container"
    >
      <button
        className="toggle"
      >
        <LeftArrowIcon />
      </button>
    </div>
  </section>
</header>
`;
